// Jest Snapshot v1, https://goo.gl/fbAQLP

exports[`should render an item from expenses 1`] = `
<div>
  <Link
    replace={false}
    to="edit/1"
  >
    <h3>
      Gum
    </h3>
  </Link>
  <p>
    196
     & 
    -100000
  </p>
</div>
`;
