// Jest Snapshot v1, https://goo.gl/fbAQLP

exports[`Should render expense list with an empty message 1`] = `
<div>
  <h1>
    Expense List
  </h1>
  <p>
     there is currently no expenses
  </p>
</div>
`;

exports[`should render an expense list with expenses 1`] = `
<div>
  <h1>
    Expense List
  </h1>
  <ExpenseListItem
    amount={196}
    createAt={-100000}
    description="Gum"
    id="1"
    key="1"
    note=""
  />
  <ExpenseListItem
    amount={109500}
    createAt={-345600000}
    description="Rent"
    id="2"
    key="2"
    note=""
  />
  <ExpenseListItem
    amount={4500}
    createAt={345600000}
    description="credit-card"
    id="3"
    key="3"
    note=""
  />
</div>
`;
