// Jest Snapshot v1, https://goo.gl/fbAQLP

exports[`should render not found component 1`] = `
<div>
  Error 404! 
  <Link
    replace={false}
    to="/"
  >
    go home
  </Link>
</div>
`;
